   Compiling proc-macro2 v1.0.107
   Compiling unicode-ident v1.0.26
   Compiling quote v1.0.47
   Compiling serde_core v1.0.228
   Compiling syn v2.0.119
   Compiling serde_derive v1.0.228
   Compiling serde v1.0.228
   Compiling syn v3.0.6
   Compiling smallvec v1.16.2
   Compiling libc v0.2.189
   Compiling equivalent v1.0.2
   Compiling hashbrown v0.17.1
   Compiling indexmap v2.14.2
   Compiling pkg-config v0.3.34
   Compiling toml_datetime v0.6.3
   Compiling winnow v0.5.40
   Compiling heck v0.5.0
   Compiling serde_spanned v0.6.9
   Compiling target-lexicon v0.12.16
   Compiling toml_edit v0.20.2
   Compiling cfg-expr v0.15.8
   Compiling version-compare v0.2.1
   Compiling cfg-if v1.0.5
   Compiling memchr v2.8.3
   Compiling version_check v0.9.5
   Compiling toml v0.8.2
   Compiling system-deps v6.2.2
   Compiling synstructure v0.14.0
   Compiling zerofrom-derive v0.1.8
   Compiling zerofrom v0.1.8
   Compiling yoke-derive v0.8.4
   Compiling itoa v1.0.18
   Compiling zerovec-derive v0.11.6
   Compiling glib-sys v0.18.1
   Compiling displaydoc v0.2.7
   Compiling pin-project-lite v0.2.17
   Compiling gobject-sys v0.18.0
   Compiling futures-core v0.3.34
   Compiling once_cell v1.21.4
   Compiling parking_lot_core v0.9.12
   Compiling gio-sys v0.18.1
   Compiling siphasher v1.0.4
   Compiling futures-macro v0.3.34
   Compiling slab v0.4.12
   Compiling scopeguard v1.2.0
   Compiling writeable v0.6.4
   Compiling litemap v0.8.3
   Compiling futures-sink v0.3.34
   Compiling futures-task v0.3.34
   Compiling lock_api v0.4.14
   Compiling futures-util v0.3.34
   Compiling phf_shared v0.13.1
   Compiling bytes v1.12.1
   Compiling log v0.4.34
   Compiling utf8_iter v1.0.4
   Compiling fastrand v2.5.0
   Compiling stable_deref_trait v1.2.1
   Compiling futures-channel v0.3.34
   Compiling phf_generator v0.13.1
   Compiling gdk-sys v0.18.2
   Compiling semver v1.0.28
   Compiling icu_properties_data v2.3.0
   Compiling icu_normalizer_data v2.3.0
   Compiling thiserror v2.0.21
   Compiling autocfg v1.5.1
   Compiling ryu v1.0.23
   Compiling http v1.5.0
   Compiling bitflags v2.13.2
   Compiling proc-macro-error-attr v1.0.4
   Compiling thiserror-impl v2.0.21
   Compiling syn v1.0.109
   Compiling proc-macro-error v1.0.4
   Compiling yoke v0.8.3
   Compiling gdk-pixbuf-sys v0.18.0
   Compiling cairo-sys-rs v0.18.2
   Compiling atk-sys v0.18.2
   Compiling pango-sys v0.18.0
   Compiling thiserror v1.0.69
   Compiling zerovec v0.11.8
   Compiling proc-macro-crate v2.0.2
   Compiling thiserror-impl v1.0.69
   Compiling heck v0.4.1
   Compiling glib-macros v0.18.5
   Compiling rustc_version v0.4.1
   Compiling phf_macros v0.13.1
   Compiling futures-executor v0.3.34
   Compiling gtk-sys v0.18.2
   Compiling generic-array v0.14.7
   Compiling glib v0.18.5
   Compiling num-conv v0.2.2
   Compiling time-core v0.1.9
   Compiling tinystr v0.8.4
   Compiling phf_codegen v0.13.1
   Compiling deranged v0.5.8
   Compiling ident_case v1.0.1
   Compiling powerfmt v0.2.0
   Compiling typenum v1.20.1
   Compiling typeid v1.0.3
   Compiling winnow v1.0.4
   Compiling strsim v0.11.1
   Compiling darling_core v0.23.0
   Compiling toml_parser v1.1.3+spec-1.1.0
   Compiling icu_locale_core v2.3.0
   Compiling potential_utf v0.1.6
   Compiling zerotrie v0.2.5
   Compiling gio v0.18.4
   Compiling erased-serde v0.4.10
   Compiling anyhow v1.0.100
   Compiling toml_writer v1.1.2+spec-1.1.0
   Compiling icu_provider v2.3.1
   Compiling icu_collections v2.3.0
   Compiling darling_macro v0.23.0
   Compiling aho-corasick v1.1.5
   Compiling futures-io v0.3.34
   Compiling regex-syntax v0.8.11
   Compiling percent-encoding v2.3.2
   Compiling new_debug_unreachable v1.0.6
   Compiling web-time v1.1.0
   Compiling fnv v1.0.7
   Compiling regex-automata v0.4.18
   Compiling darling v0.23.0
   Compiling block-buffer v0.10.4
   Compiling crypto-common v0.1.7
   Compiling phf v0.13.1
   Compiling string_cache_codegen v0.6.1
   Compiling precomputed-hash v0.1.1
   Compiling getrandom v0.4.3
   Compiling alloc-no-stdlib v3.0.0
   Compiling serde_json v1.0.145
   Compiling alloc-stdlib v0.3.0
   Compiling parking_lot v0.12.5
   Compiling web_atoms v0.2.6
   Compiling serde_with_macros v3.22.0
   Compiling regex v1.13.1
   Compiling icu_properties v2.3.0
   Compiling icu_normalizer v2.3.0
   Compiling quick-xml v0.42.0
   Compiling base64 v0.23.1
   Compiling idna_adapter v1.2.2
   Compiling string_cache v0.9.0
   Compiling brotli-decompressor v6.0.1
   Compiling memoffset v0.9.1
   Compiling errno v0.3.14
   Compiling toml_datetime v1.1.1+spec-1.1.0
   Compiling serde_spanned v1.1.1
   Compiling dunce v1.0.5
   Compiling same-file v1.0.6
   Compiling dtoa v1.0.11
   Compiling dtoa-short v0.3.5
   Compiling form_urlencoded v1.2.2
   Compiling walkdir v2.5.0
   Compiling toml v1.1.6+spec-1.1.0
   Compiling signal-hook-registry v1.4.8
   Compiling brotli v9.0.0
   Compiling uuid v1.26.1
   Compiling idna v1.1.0
   Compiling cairo-rs v0.18.5
   Compiling tendril v0.5.1
   Compiling selectors v0.38.0
   Compiling field-offset v0.3.6
   Compiling indexmap v1.9.3
   Compiling toml_edit v0.19.15
   Compiling mio v1.2.3
   Compiling socket2 v0.6.5
   Compiling cssparser-macros v0.7.1
   Compiling tokio-macros v2.7.2
   Compiling derive_more-impl v2.1.1
   Compiling getrandom v0.3.4
   Compiling gdk-pixbuf v0.18.5
   Compiling pango v0.18.3
   Compiling cpufeatures v0.2.17
   Compiling ctor v1.0.13
   Compiling glob v0.3.4
   Compiling camino v1.2.6
   Compiling simd-adler32 v0.3.10
   Compiling derive_more v2.1.1
   Compiling tokio v1.53.1
   Compiling gdk v0.18.2
   Compiling cssparser v0.37.0
   Compiling proc-macro-crate v1.3.1
   Compiling markup5ever v0.39.0
   Compiling url v2.5.8
   Compiling servo_arc v0.4.3
   Compiling gtk v0.18.2
   Compiling serde_derive_internals v0.29.1
   Compiling bitflags v1.3.2
   Compiling hashbrown v0.12.3
   Compiling option-ext v0.2.0
   Compiling crc32fast v1.5.2
   Compiling schemars v0.8.22
   Compiling zerocopy v0.8.59
   Compiling rustc-hash v2.1.3
   Compiling adler2 v2.0.1
   Compiling bit-vec v0.8.0
   Compiling bit-set v0.8.0
   Compiling dirs-sys v0.5.0
   Compiling schemars_derive v0.8.22
   Compiling html5ever v0.39.0
   Compiling gtk3-macros v0.18.2
   Compiling cfb v0.14.0
   Compiling jsonptr v0.7.1
   Compiling atk v0.18.2
   Compiling time v0.3.55
   Compiling cargo-platform v0.1.9
   Compiling subtle v2.6.1
   Compiling httparse v1.10.1
   Compiling dyn-clone v1.0.20
   Compiling foldhash v0.2.0
   Compiling dom_query v0.28.0
   Compiling digest v0.10.7
   Compiling cargo_metadata v0.19.2
   Compiling plist v1.10.1
   Compiling serde-untagged v0.1.9
   Compiling json-patch v4.2.0
   Compiling infer v0.22.0
   Compiling dirs v7.0.0
   Compiling miniz_oxide v0.9.1
   Compiling urlpattern v0.6.0
   Compiling serde_with v3.22.0
   Compiling http-body v1.0.1
   Compiling javascriptcore-rs-sys v1.1.1
   Compiling soup3-sys v0.5.0
   Compiling find-msvc-tools v0.1.14
   Compiling shlex v2.0.1
   Compiling cc v1.5.1
   Compiling tauri-utils v2.10.1
   Compiling flate2 v1.1.10
   Compiling ppv-lite86 v0.2.21
   Compiling rand_core v0.9.5
   Compiling miniz_oxide v0.8.9
   Compiling fdeflate v0.3.7
   Compiling time-macros v0.2.32
   Compiling webkit2gtk-sys v2.0.2
   Compiling x11 v2.21.0
   Compiling mime v0.3.17
   Compiling tower-service v0.3.3
   Compiling crossbeam-utils v0.8.23
   Compiling rand_chacha v0.9.0
   Compiling embed-resource v3.0.11
   Compiling dpi v0.1.2
   Compiling tracing-core v0.1.36
   Compiling gdkx11-sys v0.18.2
   Compiling base64 v0.22.1
   Compiling tower-layer v0.3.3
   Compiling try-lock v0.2.5
   Compiling httpdate v1.0.3
   Compiling want v0.3.1
   Compiling tracing v0.1.44
   Compiling tauri-winres v0.3.6
   Compiling rand v0.9.2
   Compiling http-body-util v0.1.3
   Compiling sha1 v0.10.7
   Compiling cargo_toml v1.0.1
   Compiling cookie v0.18.2
   Compiling x11-dl v2.21.0
   Compiling libdbus-sys v0.2.7
   Compiling raw-window-handle v0.6.2
   Compiling atomic-waker v1.1.2
   Compiling pin-utils v0.1.1
   Compiling sync_wrapper v1.0.2
   Compiling unicase v2.9.0
   Compiling data-encoding v2.11.1
   Compiling tungstenite v0.29.0
   Compiling tauri-build v2.7.1
   Compiling mime_guess v2.0.5
   Compiling hyper v1.7.0
   Compiling crossbeam-channel v0.5.17
   Compiling soup3 v0.5.0
   Compiling javascriptcore-rs v1.1.2
   Compiling webkit2gtk v2.0.2
   Compiling hyper-util v0.1.17
   Compiling tokio-tungstenite v0.29.0
   Compiling tower v0.5.3
   Compiling axum-core v0.5.6
   Compiling png v0.17.16
   Compiling tokio-util v0.7.16
   Compiling serde_urlencoded v0.7.1
   Compiling serde_path_to_error v0.1.20
   Compiling libloading v0.7.4
   Compiling dlopen2_derive v0.4.3
   Compiling wry v0.57.0
   Compiling matchit v0.8.4
   Compiling pp-compat v0.1.0 (/persist/worktrees/t3/PrintPartner/evidence-pr-125-tray-11f1d0b2/rust/crates/pp-compat)
   Compiling muda v0.20.0
   Compiling byteorder v1.5.0
   Compiling tauri-runtime v2.12.1
   Compiling ico v0.5.0
   Compiling axum v0.8.9
   Compiling dlopen2 v0.8.2
   Compiling libappindicator-sys v0.9.0
   Compiling sha2 v0.10.9
   Compiling dbus v0.9.12
   Compiling gdkx11 v0.18.2
   Compiling tauri v2.12.1
   Compiling png v0.18.1
   Compiling hmac v0.12.1
   Compiling gdkwayland-sys v0.18.2
   Compiling keyboard-types v0.8.3
   Compiling tray-icon v0.25.1
   Compiling http-range-header v0.4.2
   Compiling hex v0.4.3
   Compiling tauri-runtime-wry v2.12.1
   Compiling tower-http v0.6.11
   Compiling tao v0.37.1
   Compiling tauri-codegen v2.7.1
   Compiling libappindicator v0.9.0
   Compiling serialize-to-javascript-impl v0.1.2
   Compiling rfd v0.17.2
   Compiling serialize-to-javascript v0.1.2
   Compiling tauri-macros v2.7.1
   Compiling pp-gateway v0.1.0 (/persist/worktrees/t3/PrintPartner/evidence-pr-125-tray-11f1d0b2/rust/crates/pp-gateway)
   Compiling pp-desktop v0.1.0 (/persist/worktrees/t3/PrintPartner/evidence-pr-125-tray-11f1d0b2/rust/crates/pp-desktop)
   Compiling fs2 v0.4.3
   Compiling serde_repr v0.1.21
   Compiling pp-core v0.1.0 (/persist/worktrees/t3/PrintPartner/evidence-pr-125-tray-11f1d0b2/rust/crates/pp-core)
    Finished `dev` profile [unoptimized + debuginfo] target(s) in 4m 00s
